11100 --> ACCEPTED

00111 --> ACCEPTED

10101 --> ACCEPTED

01010 --> NOT ACCEPTED

00011 --> NOT ACCEPTED

00000 --> NOT ACCEPTED

