10101 --> ACCEPTED

11111 --> ACCEPTED

00011 --> ACCEPTED

11000 --> NOT ACCEPTED

00110 --> NOT ACCEPTED

01101 --> NOT ACCEPTED

