ERROR: Required transition missing. Input not accepted.
0 --> NOT ACCEPTED

